src/features/exam/components/CameraProctoring.tsx(48,39): error TS2503: Cannot find namespace 'NodeJS'.
src/features/exam/components/HealthBar.tsx(63,27): error TS2503: Cannot find namespace 'NodeJS'.
src/features/examiner/pages/CreateExam.tsx(17,5): error TS2339: Property 'examId' does not exist on type 'ExaminerState'.
src/lib/utils.ts(58,16): error TS2503: Cannot find namespace 'NodeJS'.
src/shared/components/ui/Button.tsx(36,6): error TS2322: Type '{ children: (Element | ReactNode)[]; form?: string | undefined; formAction?: string | undefined; formEncType?: string | undefined; formMethod?: string | undefined; ... 270 more ...; disabled: boolean; }' is not assignable to type 'MotionProps'.
  Types of property 'onAnimationStart' are incompatible.
    Type 'AnimationEventHandler<HTMLButtonElement> | undefined' is not assignable to type '((definition: AnimationDefinition) => void) | undefined'.
      Type 'AnimationEventHandler<HTMLButtonElement>' is not assignable to type '(definition: AnimationDefinition) => void'.
        Types of parameters 'event' and 'definition' are incompatible.
          Type 'AnimationDefinition' is not assignable to type 'AnimationEvent<HTMLButtonElement>'.
            Type 'string' is not assignable to type 'AnimationEvent<HTMLButtonElement>'.
